Microsoft Windows [versão 10.0.19044.2486]
(c) Microsoft Corporation. Todos os direitos reservados.

C:\Users\a2150336>mysql -u root create database aula;
mysql  Ver 8.0.31 for Win64 on x86_64 (MySQL Community Server - GPL)
Copyright (c) 2000, 2022, Oracle and/or its affiliates.

Oracle is a registered trademark of Oracle Corporation and/or its
affiliates. Other names may be trademarks of their respective
owners.

Usage: mysql [OPTIONS] [database]
  -?, --help          Display this help and exit.
  -I, --help          Synonym for -?
  --auto-rehash       Enable automatic rehashing. One doesn't need to use
                      'rehash' to get table and field completion, but startup
                      and reconnecting may take a longer time. Disable with
                      --disable-auto-rehash.
                      (Defaults to on; use --skip-auto-rehash to disable.)
  -A, --no-auto-rehash
                      No automatic rehashing. One has to use 'rehash' to get
                      table and field completion. This gives a quicker start of
                      mysql and disables rehashing on reconnect.
  --auto-vertical-output
                      Automatically switch to vertical output mode if the
                      result is wider than the terminal width.
  -B, --batch         Don't use history file. Disable interactive behavior.
                      (Enables --silent.)
  --bind-address=name IP address to bind to.
  --binary-as-hex     Print binary data as hex. Enabled by default for
                      interactive terminals.
  --character-sets-dir=name
                      Directory for character set files.
  --column-type-info  Display column type information.
  -c, --comments      Preserve comments. Send comments to the server. The
                      default is --skip-comments (discard comments), enable
                      with --comments.
  -C, --compress      Use compression in server/client protocol.
  -#, --debug[=#]     This is a non-debug version. Catch this and exit.
  --debug-check       This is a non-debug version. Catch this and exit.
  -T, --debug-info    This is a non-debug version. Catch this and exit.
  -D, --database=name Database to use.
  --default-character-set=name
                      Set the default character set.
  --delimiter=name    Delimiter to be used.
  --enable-cleartext-plugin
                      Enable/disable the clear text authentication plugin.
  -e, --execute=name  Execute command and quit. (Disables --force and history
                      file.)
  -E, --vertical      Print the output of a query (rows) vertically.
  -f, --force         Continue even if we get an SQL error.
  --histignore=name   A colon-separated list of patterns to keep statements
                      from getting logged into syslog and mysql history.
  -G, --named-commands
                      Enable named commands. Named commands mean this program's
                      internal commands; see mysql> help . When enabled, the
                      named commands can be used from any line of the query,
                      otherwise only from the first line, before an enter.
                      Disable with --disable-named-commands. This option is
                      disabled by default.
  -i, --ignore-spaces Ignore space after function names.
  --init-command=name SQL Command to execute when connecting to MySQL server.
                      Will automatically be re-executed when reconnecting.
  --local-infile      Enable/disable LOAD DATA LOCAL INFILE.
  -b, --no-beep       Turn off beep on error.
  -h, --host=name     Connect to host.
  --dns-srv-name=name Connect to a DNS SRV resource
  -H, --html          Produce HTML output.
  -X, --xml           Produce XML output.
  --line-numbers      Write line numbers for errors.
                      (Defaults to on; use --skip-line-numbers to disable.)
  -L, --skip-line-numbers
                      Don't write line number for errors.
  -n, --unbuffered    Flush buffer after each query.
  --column-names      Write column names in results.
                      (Defaults to on; use --skip-column-names to disable.)
  -N, --skip-column-names
                      Don't write column names in results.
  --sigint-ignore     Ignore SIGINT (CTRL-C).
  -o, --one-database  Ignore statements except those that occur while the
                      default database is the one named at the command line.
  -p, --password[=name]
                      Password to use when connecting to server. If password is
                      not given it's asked from the tty.
  -,, --password1[=name]
                      Password for first factor authentication plugin.
  -,, --password2[=name]
                      Password for second factor authentication plugin.
  -,, --password3[=name]
                      Password for third factor authentication plugin.
  -W, --pipe          Use named pipes to connect to server.
  -P, --port=#        Port number to use for connection or 0 for default to, in
                      order of preference, my.cnf, $MYSQL_TCP_PORT,
                      /etc/services, built-in default (3306).
  --prompt=name       Set the mysql prompt to this value.
  --protocol=name     The protocol to use for connection (tcp, socket, pipe,
                      memory).
  -q, --quick         Don't cache result, print it row by row. This may slow
                      down the server if the output is suspended. Doesn't use
                      history file.
  -r, --raw           Write fields without conversion. Used with --batch.
  --reconnect         Reconnect if the connection is lost. Disable with
                      --disable-reconnect. This option is enabled by default.
                      (Defaults to on; use --skip-reconnect to disable.)
  -s, --silent        Be more silent. Print results with a tab as separator,
                      each row on new line.
  --shared-memory-base-name=name
                      Base name of shared memory.
  -S, --socket=name   The socket file to use for connection.
  --server-public-key-path=name
                      File path to the server public RSA key in PEM format.
  --get-server-public-key
                      Get server public key
  --ssl-mode=name     SSL connection mode.
  --ssl-ca=name       CA file in PEM format.
  --ssl-capath=name   CA directory.
  --ssl-cert=name     X509 cert in PEM format.
  --ssl-cipher=name   SSL cipher to use.
  --ssl-key=name      X509 key in PEM format.
  --ssl-crl=name      Certificate revocation list.
  --ssl-crlpath=name  Certificate revocation list path.
  --tls-version=name  TLS version to use, permitted values are: TLSv1.2,
                      TLSv1.3
  --ssl-fips-mode=name
                      SSL FIPS mode (applies only for OpenSSL); permitted
                      values are: OFF, ON, STRICT
  --tls-ciphersuites=name
                      TLS v1.3 cipher to use.
  --ssl-session-data=name
                      Session data file to use to enable ssl session reuse
  --ssl-session-data-continue-on-failed-reuse
                      If set to ON, this option will allow connection to
                      succeed even if session data cannot be reused.
  -t, --table         Output in table format.
  --tee=name          Append everything into outfile. See interactive help (\h)
                      also. Does not work in batch mode. Disable with
                      --disable-tee. This option is disabled by default.
  -u, --user=name     User for login if not current user.
  -U, --safe-updates  Only allow UPDATE and DELETE that uses keys.
  -U, --i-am-a-dummy  Synonym for option --safe-updates, -U.
  -v, --verbose       Write more. (-v -v -v gives the table output format).
  -V, --version       Output version information and exit.
  -w, --wait          Wait and retry if connection is down.
  --connect-timeout=# Number of seconds before connection timeout.
  --max-allowed-packet=#
                      The maximum packet length to send to or receive from
                      server.
  --net-buffer-length=#
                      The buffer size for TCP/IP and socket communication.
  --select-limit=#    Automatic limit for SELECT when using --safe-updates.
  --max-join-size=#   Automatic limit for rows in a join when using
                      --safe-updates.
  --show-warnings     Show warnings after every statement.
  -j, --syslog        Log filtered interactive commands to syslog. Filtering of
                      commands depends on the patterns supplied via histignore
                      option besides the default patterns.
  --plugin-dir=name   Directory for client-side plugins.
  --default-auth=name Default authentication client-side plugin to use.
  --binary-mode       By default, ASCII '\0' is disallowed and '\r\n' is
                      translated to '\n'. This switch turns off both features,
                      and also turns off parsing of all clientcommands except
                      \C and DELIMITER, in non-interactive mode (for input
                      piped to mysql or loaded using the 'source' command).
                      This is necessary when processing output from mysqlbinlog
                      that may contain blobs.
  --connect-expired-password
                      Notify the server that this client is prepared to handle
                      expired password sandbox mode.
  --compression-algorithms=name
                      Use compression algorithm in server/client protocol.
                      Valid values are any combination of
                      'zstd','zlib','uncompressed'.
  --zstd-compression-level=#
                      Use this compression level in the client/server protocol,
                      in case --compression-algorithms=zstd. Valid range is
                      between 1 and 22, inclusive. Default is 3.
  --load-data-local-dir=name
                      Directory path safe for LOAD DATA LOCAL INFILE to read
                      from.
  --fido-register-factor=name
                      Specifies authentication factor, for which registration
                      needs to be done.
  --oci-config-file=name
                      Specifies the location of the OCI configuration file.
                      Default for Linux is ~/.oci/config and %HOME/.oci/config
                      on Windows.

Default options are read from the following files in the given order:
C:\Windows\my.ini C:\Windows\my.cnf C:\my.ini C:\my.cnf C:\tools\mysql\current\my.ini C:\tools\mysql\current\my.cnf
The following groups are read: mysql client
The following options may be given as the first argument:
--print-defaults        Print the program argument list and exit.
--no-defaults           Don't read default options from any option file,
                        except for login file.
--defaults-file=#       Only read default options from the given file #.
--defaults-extra-file=# Read this file after the global files are read.
--defaults-group-suffix=#
                        Also read groups with concat(group, suffix)
--login-path=#          Read this path from the login file.

Variables (--variable-name=value)
and boolean options {FALSE|TRUE}          Value (after reading options)
----------------------------------------- --------------------------------
auto-rehash                               TRUE
auto-vertical-output                      FALSE
bind-address                              (No default value)
binary-as-hex                             FALSE
character-sets-dir                        (No default value)
column-type-info                          FALSE
comments                                  FALSE
compress                                  FALSE
database                                  (No default value)
default-character-set                     auto
delimiter                                 ;
enable-cleartext-plugin                   FALSE
vertical                                  FALSE
force                                     FALSE
histignore                                (No default value)
named-commands                            FALSE
ignore-spaces                             FALSE
init-command                              (No default value)
local-infile                              FALSE
no-beep                                   FALSE
host                                      (No default value)
dns-srv-name                              (No default value)
html                                      FALSE
xml                                       FALSE
line-numbers                              TRUE
unbuffered                                FALSE
column-names                              TRUE
sigint-ignore                             FALSE
port                                      0
prompt                                    mysql>
quick                                     FALSE
raw                                       FALSE
reconnect                                 TRUE
shared-memory-base-name                   (No default value)
socket                                    (No default value)
server-public-key-path                    (No default value)
get-server-public-key                     FALSE
ssl-ca                                    (No default value)
ssl-capath                                (No default value)
ssl-cert                                  (No default value)
ssl-cipher                                (No default value)
ssl-key                                   (No default value)
ssl-crl                                   (No default value)
ssl-crlpath                               (No default value)
tls-version                               (No default value)
tls-ciphersuites                          (No default value)
ssl-session-data                          (No default value)
ssl-session-data-continue-on-failed-reuse FALSE
table                                     FALSE
user                                      root
safe-updates                              FALSE
i-am-a-dummy                              FALSE
connect-timeout                           0
max-allowed-packet                        16777216
net-buffer-length                         16384
select-limit                              1000
max-join-size                             1000000
show-warnings                             FALSE
plugin-dir                                (No default value)
default-auth                              (No default value)
binary-mode                               FALSE
connect-expired-password                  FALSE
compression-algorithms                    (No default value)
zstd-compression-level                    3
load-data-local-dir                       (No default value)
fido-register-factor                      (No default value)
oci-config-file                           (No default value)

C:\Users\a2150336>mysql -u root
Welcome to the MySQL monitor.  Commands end with ; or \g.
Your MySQL connection id is 10
Server version: 8.0.31 MySQL Community Server - GPL

Copyright (c) 2000, 2022, Oracle and/or its affiliates.

Oracle is a registered trademark of Oracle Corporation and/or its
affiliates. Other names may be trademarks of their respective
owners.

Type 'help;' or '\h' for help. Type '\c' to clear the current input statement.

mysql> create database aula;
ERROR 1007 (HY000): Can't create database 'aula'; database exists
mysql> use aula;
Database changed
mysql> --COMANDOS SQL  DDL
    ->
    -> create table Ambulatorios  (nroa int, andar int not null, capacidade int, PRIMARY KEY (nroa));
ERROR 1064 (42000): You have an error in your SQL syntax; check the manual that corresponds to your MySQL server version for the right syntax to use near '--COMANDOS SQL  DDL

create table Ambulatorios  (nroa int, andar int not null, c' at line 1
mysql>
mysql> create table Medicos  (codm int, CPF numeric(11) unique, nome varchar(40) not null , idade int not null, especialidade varchar(20), cidade varchar(30), nroa int, PRIMARY KEY(codm), FOREIGN KEY(nroa) REFERENCES Ambulatorios (nroa));
ERROR 1824 (HY000): Failed to open the referenced table 'ambulatorios'
mysql>
mysql> create table Pacientes (codp int, CPF numeric(11) unique, nome varchar(40) not null, idade int not null, cidade varchar(30),  doenca varchar(40) not null, PRIMARY KEY(codp));
Query OK, 0 rows affected (0.03 sec)

mysql>
mysql> create table Funcionarios (codf int,CPF numeric(11) unique, nome varchar(40) not null, idade int,  cidade varchar(30), salario numeric(10), PRIMARY KEY(codf));
Query OK, 0 rows affected (0.02 sec)

mysql>
mysql> create table Consultas (codm int , codp int, data date, hora time);
Query OK, 0 rows affected (0.01 sec)

mysql>
mysql>
mysql> --COMANDOS SQL  DML
    ->
    -> insert into ambulatorios values(1,3,40);
ERROR 1064 (42000): You have an error in your SQL syntax; check the manual that corresponds to your MySQL server version for the right syntax to use near '--COMANDOS SQL  DML

insert into ambulatorios values(1,3,40)' at line 1
mysql> insert into ambulatorios values(2,1,50);
ERROR 1146 (42S02): Table 'aula.ambulatorios' doesn't exist
mysql> insert into ambulatorios values(3,2,40);
ERROR 1146 (42S02): Table 'aula.ambulatorios' doesn't exist
mysql> insert into ambulatorios values(4,2,25);
ERROR 1146 (42S02): Table 'aula.ambulatorios' doesn't exist
mysql> insert into ambulatorios values(5,2,55);
ERROR 1146 (42S02): Table 'aula.ambulatorios' doesn't exist
mysql>
mysql> insert into Medicos values(1,10000100000,'Joao',40,'ortopedia','Florianopolis',1);
ERROR 1146 (42S02): Table 'aula.medicos' doesn't exist
mysql> insert into Medicos values(2,10000110000,'Maria',42,'traumatologia','Blumenau',2);
ERROR 1146 (42S02): Table 'aula.medicos' doesn't exist
mysql> insert into Medicos values(3,11000100000,'Pedro',51,'pediatria','São José',2);
ERROR 1146 (42S02): Table 'aula.medicos' doesn't exist
mysql> insert into Medicos values(4,11000110000,'Carlos',28,'ortopedia','Joinville',null);
ERROR 1146 (42S02): Table 'aula.medicos' doesn't exist
mysql> insert into Medicos values(5,11000111000,'Marcia',33,'neurologia','Biguacu',3);
ERROR 1146 (42S02): Table 'aula.medicos' doesn't exist
mysql>
mysql>
mysql> insert into  Pacientes values(1,20000200000,'Ana',20,'Florianopolis','gripe');
Query OK, 1 row affected (0.00 sec)

mysql> insert into  Pacientes values(2,20000220000,'Paulo',24,'Palhoca','fratura');
Query OK, 1 row affected (0.00 sec)

mysql> insert into  Pacientes values(3,22000200000,'Lucia',30,'Biguacu','tendinite');
Query OK, 1 row affected (0.00 sec)

mysql> insert into  Pacientes values(4,11000110000,'Carlos',28,'Joinville','sarampo');
Query OK, 1 row affected (0.00 sec)

mysql>
mysql>
mysql> insert into Funcionarios values(1,20000100000,'Rita',32,'Sao Jose',1200);
Query OK, 1 row affected (0.00 sec)

mysql> insert into Funcionarios values(2,30000110000,'Maria',55,'Palhoca',1220);
Query OK, 1 row affected (0.00 sec)

mysql> insert into Funcionarios values(3,41000100000,'Caio',45,'Florianopolis',1100);
Query OK, 1 row affected (0.00 sec)

mysql> insert into Funcionarios values(4,51000110000,'Carlos',44,'Florianopolis',1200);
Query OK, 1 row affected (0.00 sec)

mysql> insert into Funcionarios values(5,61000111000,'Paula',33,'Florianopolis',2500);
Query OK, 1 row affected (0.00 sec)

mysql>
mysql> insert into consultas values(1,1, '2006-06-12', '14:00:00');
Query OK, 1 row affected (0.00 sec)

mysql> insert into consultas values(1,4, '2006-06-13', '10:00:00');
Query OK, 1 row affected (0.00 sec)

mysql> insert into consultas values(2,1, '2006-06-13', '9:00:00');
Query OK, 1 row affected (0.00 sec)

mysql> insert into consultas values(2,2, '2006-06-13', '11:00:00');
Query OK, 1 row affected (0.00 sec)

mysql> insert into consultas values(2,3, '2006-06-14', '14:00:00');
Query OK, 1 row affected (0.00 sec)

mysql> insert into consultas values(2,4, '2006-06-14', '17:00:00');
Query OK, 1 row affected (0.00 sec)

mysql> insert into consultas values(3,1, '2006-06-19', '18:00:00');
Query OK, 1 row affected (0.00 sec)

mysql> insert into consultas values(3,3, '2006-06-12', '10:00:00');
Query OK, 1 row affected (0.00 sec)

mysql> insert into consultas values(3,4, '2006-06-19', '13:00:00');
Query OK, 1 row affected (0.00 sec)

mysql> insert into consultas values(4,4, '2006-06-20', '13:00:00');
Query OK, 1 row affected (0.00 sec)

mysql> insert into consultas values(4,4, '2006-06-22', '19:30:00');
Query OK, 1 row affected (0.00 sec)

mysql> -- HORA DOS SELECTS
mysql> SELECT * FROM MEDICOS;
ERROR 1146 (42S02): Table 'aula.medicos' doesn't exist
mysql> Tabela Medicos
    -> codm int PRIMARY KEY
    -> CPF numeric(11) unique
    -> nome varchar(40) not null
    -> idade int not null
    -> especialidade varchar(20)
    -> cidade varchar(30)
    -> nroa int FOREIGN KEY Ambulatorios  ;
ERROR 1064 (42000): You have an error in your SQL syntax; check the manual that corresponds to your MySQL server version for the right syntax to use near 'Tabela Medicos
codm int PRIMARY KEY
CPF numeric(11) unique
nome varchar(40) n' at line 1
mysql> create table Medicos  (codm int, CPF numeric(11) unique, nome varchar(40) not null , idade int not null, especialidade varchar(20), cidade varchar(30), nroa int, PRIMARY KEY(codm), FOREIGN KEY(nroa) REFERENCES Ambulatorios (nroa));
ERROR 1824 (HY000): Failed to open the referenced table 'ambulatorios'
mysql> create database aula1;
Query OK, 1 row affected (0.00 sec)

mysql> use aula1;
Database changed
mysql> create table Ambulatorios  (nroa int, andar int not null, capacidade int, PRIMARY KEY (nroa));
Query OK, 0 rows affected (0.02 sec)

mysql> create table Medicos  (codm int, CPF numeric(11) unique, nome varchar(40) not null , idade int not null, especialidade varchar(20), cidade varchar(30), nroa int, PRIMARY KEY(codm), FOREIGN KEY(nroa) REFERENCES Ambulatorios (nroa));
Query OK, 0 rows affected (0.03 sec)

mysql> create table Pacientes (codp int, CPF numeric(11) unique, nome varchar(40) not null, idade int not null, cidade varchar(30),  doenca varchar(40) not null, PRIMARY KEY(codp));
Query OK, 0 rows affected (0.03 sec)

mysql> create table Funcionarios (codf int,CPF numeric(11) unique, nome varchar(40) not null, idade int,  cidade varchar(30), salario numeric(10), PRIMARY KEY(codf));
Query OK, 0 rows affected (0.03 sec)

mysql>
mysql> create table Consultas (codm int , codp int, data date, hora time);
Query OK, 0 rows affected (0.02 sec)

mysql> insert into ambulatorios values(1,3,40);
Query OK, 1 row affected (0.00 sec)

mysql> insert into ambulatorios values(2,1,50);
Query OK, 1 row affected (0.00 sec)

mysql> insert into ambulatorios values(3,2,40);
Query OK, 1 row affected (0.00 sec)

mysql> insert into ambulatorios values(4,2,25);
Query OK, 1 row affected (0.00 sec)

mysql> insert into ambulatorios values(5,2,55);
Query OK, 1 row affected (0.00 sec)

mysql>
mysql> insert into Medicos values(1,10000100000,'Joao',40,'ortopedia','Florianopolis',1);
Query OK, 1 row affected (0.00 sec)

mysql> insert into Medicos values(2,10000110000,'Maria',42,'traumatologia','Blumenau',2);
Query OK, 1 row affected (0.00 sec)

mysql> insert into Medicos values(3,11000100000,'Pedro',51,'pediatria','São José',2);
Query OK, 1 row affected (0.00 sec)

mysql> insert into Medicos values(4,11000110000,'Carlos',28,'ortopedia','Joinville',null);
Query OK, 1 row affected (0.00 sec)

mysql> insert into Medicos values(5,11000111000,'Marcia',33,'neurologia','Biguacu',3);
Query OK, 1 row affected (0.00 sec)

mysql>
mysql>
mysql> insert into  Pacientes values(1,20000200000,'Ana',20,'Florianopolis','gripe');
Query OK, 1 row affected (0.00 sec)

mysql> insert into  Pacientes values(2,20000220000,'Paulo',24,'Palhoca','fratura');
Query OK, 1 row affected (0.00 sec)

mysql> insert into  Pacientes values(3,22000200000,'Lucia',30,'Biguacu','tendinite');
Query OK, 1 row affected (0.00 sec)

mysql> insert into  Pacientes values(4,11000110000,'Carlos',28,'Joinville','sarampo');
Query OK, 1 row affected (0.00 sec)

mysql>
mysql>
mysql> insert into Funcionarios values(1,20000100000,'Rita',32,'Sao Jose',1200);
Query OK, 1 row affected (0.00 sec)

mysql> insert into Funcionarios values(2,30000110000,'Maria',55,'Palhoca',1220);
Query OK, 1 row affected (0.00 sec)

mysql> insert into Funcionarios values(3,41000100000,'Caio',45,'Florianopolis',1100);
Query OK, 1 row affected (0.00 sec)

mysql> insert into Funcionarios values(4,51000110000,'Carlos',44,'Florianopolis',1200);
Query OK, 1 row affected (0.00 sec)

mysql> insert into Funcionarios values(5,61000111000,'Paula',33,'Florianopolis',2500);
Query OK, 1 row affected (0.00 sec)

mysql>
mysql> insert into consultas values(1,1, '2006-06-12', '14:00:00');
Query OK, 1 row affected (0.00 sec)

mysql> insert into consultas values(1,4, '2006-06-13', '10:00:00');
Query OK, 1 row affected (0.00 sec)

mysql> insert into consultas values(2,1, '2006-06-13', '9:00:00');
Query OK, 1 row affected (0.00 sec)

mysql> insert into consultas values(2,2, '2006-06-13', '11:00:00');
Query OK, 1 row affected (0.00 sec)

mysql> insert into consultas values(2,3, '2006-06-14', '14:00:00');
Query OK, 1 row affected (0.00 sec)

mysql> insert into consultas values(2,4, '2006-06-14', '17:00:00');
Query OK, 1 row affected (0.00 sec)

mysql> insert into consultas values(3,1, '2006-06-19', '18:00:00');
Query OK, 1 row affected (0.00 sec)

mysql> insert into consultas values(3,3, '2006-06-12', '10:00:00');
Query OK, 1 row affected (0.00 sec)

mysql> insert into consultas values(3,4, '2006-06-19', '13:00:00');
Query OK, 1 row affected (0.00 sec)

mysql> insert into consultas values(4,4, '2006-06-20', '13:00:00');
Query OK, 1 row affected (0.00 sec)

mysql> insert into consultas values(4,4, '2006-06-22', '19:30:00');
Query OK, 1 row affected (0.00 sec)

mysql> select * from medicos;
+------+-------------+--------+-------+---------------+---------------+------+
| codm | CPF         | nome   | idade | especialidade | cidade        | nroa |
+------+-------------+--------+-------+---------------+---------------+------+
|    1 | 10000100000 | Joao   |    40 | ortopedia     | Florianopolis |    1 |
|    2 | 10000110000 | Maria  |    42 | traumatologia | Blumenau      |    2 |
|    3 | 11000100000 | Pedro  |    51 | pediatria     | São José      |    2 |
|    4 | 11000110000 | Carlos |    28 | ortopedia     | Joinville     | NULL |
|    5 | 11000111000 | Marcia |    33 | neurologia    | Biguacu       |    3 |
+------+-------------+--------+-------+---------------+---------------+------+
5 rows in set (0.00 sec)

mysql> --2
    -> select nome,especialidade from medicos;
ERROR 1064 (42000): You have an error in your SQL syntax; check the manual that corresponds to your MySQL server version for the right syntax to use near '--2
select nome,especialidade from medicos' at line 1
mysql> select nome,especialidade from medicos;
+--------+---------------+
| nome   | especialidade |
+--------+---------------+
| Joao   | ortopedia     |
| Maria  | traumatologia |
| Pedro  | pediatria     |
| Carlos | ortopedia     |
| Marcia | neurologia    |
+--------+---------------+
5 rows in set (0.00 sec)

mysql> -- 3;
mysql> select nome,cpf from medicos where idade = 51;
+-------+-------------+
| nome  | cpf         |
+-------+-------------+
| Pedro | 11000100000 |
+-------+-------------+
1 row in set (0.00 sec)

mysql> -- 4;
mysql>  select nome,cpf from medicos where idade = 51 or idade = 40;
+-------+-------------+
| nome  | cpf         |
+-------+-------------+
| Joao  | 10000100000 |
| Pedro | 11000100000 |
+-------+-------------+
2 rows in set (0.00 sec)

mysql>  -- 5;
mysql> select nome,cpf from medicos where idade > 15 and especialidade = "ortopedia";
+--------+-------------+
| nome   | cpf         |
+--------+-------------+
| Joao   | 10000100000 |
| Carlos | 11000110000 |
+--------+-------------+
2 rows in set (0.00 sec)

mysql> -- 6;
mysql> select nome,idade from pacientes where local != "Biguacu";
ERROR 1054 (42S22): Unknown column 'local' in 'where clause'
mysql> select * from pacientes;
+------+-------------+--------+-------+---------------+-----------+
| codp | CPF         | nome   | idade | cidade        | doenca    |
+------+-------------+--------+-------+---------------+-----------+
|    1 | 20000200000 | Ana    |    20 | Florianopolis | gripe     |
|    2 | 20000220000 | Paulo  |    24 | Palhoca       | fratura   |
|    3 | 22000200000 | Lucia  |    30 | Biguacu       | tendinite |
|    4 | 11000110000 | Carlos |    28 | Joinville     | sarampo   |
+------+-------------+--------+-------+---------------+-----------+
4 rows in set (0.00 sec)

mysql> select nome,idade from pacientes where cidade != "Biguacu";
+--------+-------+
| nome   | idade |
+--------+-------+
| Ana    |    20 |
| Paulo  |    24 |
| Carlos |    28 |
+--------+-------+
3 rows in set (0.00 sec)

mysql>
